// Vitest Snapshot v1, https://vitest.dev/guide/snapshot.html

exports[`Notification > matches snapshot for success notification 1`] = `
<div
  class="flex items-center justify-between p-4 rounded-xl border border-[rgba(63,185,80,0.3)] bg-[var(--accent-green-soft)] text-[var(--accent-green)]"
  data-testid="notification"
  role="status"
>
  <div
    class="flex items-center gap-3"
  >
    <span
      class="text-lg"
    >
      ✓
    </span>
    <p
      class="text-sm font-medium"
    >
      Snapshot test!
    </p>
  </div>
</div>
`;
